// Jest Snapshot v1, https://goo.gl/fbAQLP

exports[`<PrivateRoute /> should render correctly 1`] = `
<div>
  Private Component
</div>
`;
