// Jest Snapshot v1, https://goo.gl/fbAQLP

exports[`<ReviewsList /> should render correctly 1`] = `
<div>
  <h2
    className="reviews__title"
  >
    Reviews Â· 
    <span
      className="reviews__amount"
    >
      2
    </span>
  </h2>
  <ul
    className="reviews__list"
  >
    <li
      className="reviews__item"
    >
      <div
        className="reviews__user user"
      >
        <div
          className="reviews__avatar-wrapper user__avatar-wrapper"
        >
          <img
            alt="Reviews avatar"
            className="reviews__avatar user__avatar"
            height={54}
            src="https://htmlacademy-react-3.appspot.com/six-cities/static/avatar/3.jpg"
            width={54}
          />
        </div>
        <span
          className="reviews__user-name"
        >
          Isaac
        </span>
      </div>
      <div
        className="reviews__info"
      >
        <div
          className="reviews__rating rating"
        >
          <div
            className="reviews__stars rating__stars"
          >
            <span
              style={
                Object {
                  "width": "80%",
                }
              }
            />
            <span
              className="visually-hidden"
            >
              Rating
            </span>
          </div>
        </div>
        <p
          className="reviews__text"
        >
          The deluxe room was a quite comfortable one with all the adequate facilities. The only thing that made me feel uncomfortable was the rude behavior of an impolite staff at the reception desk.
        </p>
        <time
          className="reviews__time"
          dateTime="2020-03-15T10:43:24.410Z"
        >
          March 2020
        </time>
      </div>
    </li>
    <li
      className="reviews__item"
    >
      <div
        className="reviews__user user"
      >
        <div
          className="reviews__avatar-wrapper user__avatar-wrapper"
        >
          <img
            alt="Reviews avatar"
            className="reviews__avatar user__avatar"
            height={54}
            src="https://htmlacademy-react-3.appspot.com/six-cities/static/avatar/2.jpg"
            width={54}
          />
        </div>
        <span
          className="reviews__user-name"
        >
          Mike
        </span>
      </div>
      <div
        className="reviews__info"
      >
        <div
          className="reviews__rating rating"
        >
          <div
            className="reviews__stars rating__stars"
          >
            <span
              style={
                Object {
                  "width": "100%",
                }
              }
            />
            <span
              className="visually-hidden"
            >
              Rating
            </span>
          </div>
        </div>
        <p
          className="reviews__text"
        >
          The deluxe room was a quite comfortable one with all the adequate facilities. The only thing that made me feel uncomfortable was the rude behavior of an impolite staff at the reception desk.
        </p>
        <time
          className="reviews__time"
          dateTime="2020-02-15T10:43:24.410Z"
        >
          February 2020
        </time>
      </div>
    </li>
  </ul>
</div>
`;
