// Jest Snapshot v1, https://goo.gl/fbAQLP

exports[`<Property /> should render correctly 1`] = `
<div
  className="page"
>
  <header
    className="header"
  >
    <div
      className="container"
    >
      <div
        className="header__wrapper"
      >
        <div
          className="header__left"
        >
          <a
            className="header__logo-link header__logo-link--active"
          >
            <img
              alt="6 cities logo"
              className="header__logo"
              height={41}
              src="img/logo.svg"
              width={81}
            />
          </a>
        </div>
        <nav
          className="header__nav"
        >
          <ul
            className="header__nav-list"
          >
            <li
              className="header__nav-item user"
            >
              <a
                className="header__nav-link header__nav-link--profile"
                href="/login"
                onClick={[Function]}
              >
                <div
                  className="header__avatar-wrapper user__avatar-wrapper"
                />
                <span
                  className="header__login"
                >
                  Sign in
                </span>
              </a>
            </li>
          </ul>
        </nav>
      </div>
    </div>
  </header>
  <main
    className="page__main page__main--property"
  >
    <section
      className="property"
    >
      <div
        className="property__gallery-container container"
      >
        <div
          className="property__gallery"
        >
          <div
            className="property__image-wrapper"
          >
            <img
              alt="Photo studio"
              className="property__image"
              src="https://htmlacademy-react-3.appspot.com/six-cities/static/hotel/11.jpg"
            />
          </div>
        </div>
      </div>
      <div
        className="property__container container"
      >
        <div
          className="property__wrapper"
        >
          <div
            className="property__mark"
          >
            <span>
              Premium
            </span>
          </div>
          <div
            className="property__name-wrapper"
          >
            <h1
              className="property__name"
            >
              Luxury Tiny House, flowerbulb region nearby A'dam
            </h1>
            <button
              className="property__bookmark-button button"
              onClick={[Function]}
              type="button"
            >
              <svg
                className="property__bookmark-icon"
                height={33}
                width={31}
              >
                <use
                  xlinkHref="#icon-bookmark"
                />
              </svg>
              <span
                className="visually-hidden"
              >
                To bookmarks
              </span>
            </button>
          </div>
          <div
            className="property__rating rating"
          >
            <div
              className="property__stars rating__stars"
            >
              <span
                style={
                  Object {
                    "width": "2000%",
                  }
                }
              />
              <span
                className="visually-hidden"
              >
                Rating
              </span>
            </div>
            <span
              className="property__rating-value rating__value"
            >
              100
            </span>
          </div>
          <ul
            className="property__features"
          >
            <li
              className="property__feature property__feature--entire"
            >
              Apartment
            </li>
            <li
              className="property__feature property__feature--bedrooms"
            >
              1
               Bedrooms
            </li>
            <li
              className="property__feature property__feature--adults"
            >
              Max 
              1
               adults
            </li>
          </ul>
          <div
            className="property__price"
          >
            <b
              className="property__price-value"
            >
              €
              120
            </b>
            <span
              className="property__price-text"
            >
               
              night
            </span>
          </div>
          <div
            className="property__inside"
          >
            <h2
              className="property__inside-title"
            >
              Whats inside
            </h2>
            <ul
              className="property__inside-list"
            >
              <li
                className="property__inside-item"
              >
                Washer
              </li>
              <li
                className="property__inside-item"
              >
                Breakfast
              </li>
              <li
                className="property__inside-item"
              >
                Air conditioning
              </li>
              <li
                className="property__inside-item"
              >
                Laptop friendly workspace
              </li>
            </ul>
          </div>
          <div
            className="property__host"
          >
            <h2
              className="property__host-title"
            >
              Meet the host
            </h2>
            <div
              className="property__host-user user"
            >
              <div
                className="property__avatar-wrapper property__avatar-wrapper--pro user__avatar-wrapper"
              >
                <img
                  alt="Host avatar"
                  className="property__avatar user__avatar"
                  height={74}
                  src="img/avatar-angelina.jpg"
                  width={74}
                />
              </div>
              <span
                className="property__user-name"
              >
                Angelina
              </span>
            </div>
            <div
              className="property__description"
            >
              <p
                className="property__text"
              >
                Luxury Tiny House, flowerbulb region nearby A'dam
              </p>
            </div>
          </div>
          <section
            className="property__reviews reviews"
          >
            <div>
              <h2
                className="reviews__title"
              >
                Reviews · 
                <span
                  className="reviews__amount"
                >
                  2
                </span>
              </h2>
              <ul
                className="reviews__list"
              >
                <li
                  className="reviews__item"
                >
                  <div
                    className="reviews__user user"
                  >
                    <div
                      className="reviews__avatar-wrapper user__avatar-wrapper"
                    >
                      <img
                        alt="Reviews avatar"
                        className="reviews__avatar user__avatar"
                        height={54}
                        src="https://htmlacademy-react-3.appspot.com/six-cities/static/avatar/3.jpg"
                        width={54}
                      />
                    </div>
                    <span
                      className="reviews__user-name"
                    >
                      Isaac
                    </span>
                  </div>
                  <div
                    className="reviews__info"
                  >
                    <div
                      className="reviews__rating rating"
                    >
                      <div
                        className="reviews__stars rating__stars"
                      >
                        <span
                          style={
                            Object {
                              "width": "80%",
                            }
                          }
                        />
                        <span
                          className="visually-hidden"
                        >
                          Rating
                        </span>
                      </div>
                    </div>
                    <p
                      className="reviews__text"
                    >
                      The deluxe room was a quite comfortable one with all the adequate facilities. The only thing that made me feel uncomfortable was the rude behavior of an impolite staff at the reception desk.
                    </p>
                    <time
                      className="reviews__time"
                      dateTime="2020-03-15T10:43:24.410Z"
                    >
                      March 2020
                    </time>
                  </div>
                </li>
                <li
                  className="reviews__item"
                >
                  <div
                    className="reviews__user user"
                  >
                    <div
                      className="reviews__avatar-wrapper user__avatar-wrapper"
                    >
                      <img
                        alt="Reviews avatar"
                        className="reviews__avatar user__avatar"
                        height={54}
                        src="https://htmlacademy-react-3.appspot.com/six-cities/static/avatar/2.jpg"
                        width={54}
                      />
                    </div>
                    <span
                      className="reviews__user-name"
                    >
                      Mike
                    </span>
                  </div>
                  <div
                    className="reviews__info"
                  >
                    <div
                      className="reviews__rating rating"
                    >
                      <div
                        className="reviews__stars rating__stars"
                      >
                        <span
                          style={
                            Object {
                              "width": "100%",
                            }
                          }
                        />
                        <span
                          className="visually-hidden"
                        >
                          Rating
                        </span>
                      </div>
                    </div>
                    <p
                      className="reviews__text"
                    >
                      The deluxe room was a quite comfortable one with all the adequate facilities. The only thing that made me feel uncomfortable was the rude behavior of an impolite staff at the reception desk.
                    </p>
                    <time
                      className="reviews__time"
                      dateTime="2020-02-15T10:43:24.410Z"
                    >
                      February 2020
                    </time>
                  </div>
                </li>
              </ul>
            </div>
            
          </section>
        </div>
      </div>
      <section
        className="property__map map"
      >
        <div
          style={
            Object {
              "height": "100%",
            }
          }
        />
      </section>
    </section>
    <div
      className="container"
    >
      <section
        className="near-places places"
      >
        <h2
          className="near-places__title"
        >
          Other places in the neighbourhood
        </h2>
        <div
          className="near-places__list places__list"
        >
          <div
            className="cities__places-list places__list tabs__content"
          />
        </div>
      </section>
    </div>
  </main>
</div>
`;
